// Jest Snapshot v1, https://goo.gl/fbAQLP

exports[`it renders 1`] = `
<div
  className="bg-info text-center current"
>
  Current integer is:
  <br />
  <strong>
    10
  </strong>
</div>
`;
